THE WORLD
THE WORLD
THE WORLD
THE WORLD
THE WORLD
TCP
TCP
TCP
TCP
TCP
TCP
TCP
TCP
TCP
TCP
TCP
TCP
TCP
TCP
THE WORLD
